[error] variable relation contains reserved column "id" 
c?(id int,
   s text,
   n int,
   t text).

