
  deepdive.db.default {
    driver: "org.postgresql.Driver"
    url: "jdbc:postgresql://"${PGHOST}":"${PGPORT}"/"${DBNAME}
    user: ${PGUSER}
    password: ${PGPASSWORD}
    dbname: ${DBNAME}
    host: ${PGHOST}
    port: ${PGPORT}
    incremental_mode: MERGE
    }
    


      deepdive.schema.variables {
        
      }
    

      deepdive.extraction.extractors.extraction_rule_2 {
        sql: """ TRUNCATE label2;
        INSERT INTO label2 
            SELECT R0.wid, R0.val
            FROM dd_new_label2 R0
        
        """
        style: "sql_extractor"
          
      }
    

      deepdive.extraction.extractors.extraction_rule_1 {
        sql: """ TRUNCATE label1;
        INSERT INTO label1 
            SELECT R0.wid, R0.val
            FROM dd_new_label1 R0
        
        """
        style: "sql_extractor"
          
      }
    

      deepdive.extraction.extractors.extraction_rule_0 {
        sql: """ TRUNCATE features;
        INSERT INTO features 
            SELECT R0.id, R0.word_id, R0.feature_id, R0.feature_val
            FROM dd_new_features R0
        
        """
        style: "sql_extractor"
          
      }
    
deepdive.pipeline.run: ${PIPELINE}
deepdive.pipeline.pipelines.extraction: [extraction_rule_2, extraction_rule_1, extraction_rule_0]
