[error] Variable y must have bindings
Q(y) :-
    a(x).

