[error] One and only one atom should be supplied in OPTIONAL modifier
Q(y, z) :-
    a(x),
    OPTIONAL[x > 1].

