{"relations" : {"mention_candidate" : {"columns" : {"doc_id" : {"type" : "text", "index" : 0}, "start_pos" : {"type" : "int", "index" : 1, "annotations" : [{"name" : "textspan_start"}]}, "len" : {"type" : "int", "index" : 2, "annotations" : [{"name" : "textspan_length"}]}}, "annotations" : [{"name" : "textspan", "args" : {"from" : "start_pos", "length" : "len"}}]}, "R" : {"columns" : {"p" : {"type" : "text", "index" : 0}, "q" : {"type" : "int", "index" : 1}, "r" : {"type" : "float", "index" : 2, "annotations" : [{"name" : "empty_args", "args" : {}}]}}, "annotations" : [{"name" : "foo"}, {"name" : "bar", "args" : {"x" : 1}}, {"name" : "qux", "args" : {"y" : 2.345}}, {"name" : "unnamed_args_list", "args" : [1, "two", 3.0]}, {"name" : "unnamed_args_list", "args" : ["four", 5.6, 7]}]}, "has_spouse" : {"columns" : {"couple_id" : {"type" : "text", "index" : 0, "annotations" : [{"name" : "key"}, {"name" : "references", "args" : {"relation" : "couples", "column" : "id"}}]}}, "annotations" : [{"name" : "fact"}], "variable_type" : "boolean", "variable_cardinality" : 2}}}
