[error] Variable y, z must have bindings
Q(y, z) :-
    a(x).

