[error] function "ext" is not defined
Q += ext(x) :-
    a(x).

