[error] Weight variables can contain at most one constant
@weight(1, 2)
a(x) :-
    b(x, y, _, _).

