
  deepdive.db.default {
    driver: "org.postgresql.Driver"
    url: "jdbc:postgresql://"${PGHOST}":"${PGPORT}"/"${DBNAME}
    user: ${PGUSER}
    password: ${PGPASSWORD}
    dbname: ${DBNAME}
    host: ${PGHOST}
    port: ${PGPORT}
    incremental_mode: MERGE
    }
    


      deepdive.schema.variables {
        
      }
    

      deepdive.extraction.extractors.ext_person_smokes {
        sql: """ TRUNCATE person_smokes;
        INSERT INTO person_smokes SELECT R0.person_id, R0.smokes
FROM dd_new_person_smokes R0
        
        """
        style: "sql_extractor"
          
      }
    

      deepdive.extraction.extractors.ext_friends {
        sql: """ TRUNCATE friends;
        INSERT INTO friends SELECT R0.person_id, R0.friend_id
FROM dd_new_friends R0
        
        """
        style: "sql_extractor"
          
      }
    

      deepdive.extraction.extractors.ext_person_has_cancer {
        sql: """ TRUNCATE person_has_cancer;
        INSERT INTO person_has_cancer SELECT R0.person_id, R0.has_cancer
FROM dd_new_person_has_cancer R0
        
        """
        style: "sql_extractor"
          
      }
    

      deepdive.extraction.extractors.ext_person {
        sql: """ TRUNCATE person;
        INSERT INTO person SELECT R0.person_id, R0.name
FROM dd_new_person R0
        
        """
        style: "sql_extractor"
          
      }
    
deepdive.pipeline.run: ${PIPELINE}
deepdive.pipeline.pipelines.extraction: [
  ext_person_smokes
  ext_friends
  ext_person_has_cancer
  ext_person
]
deepdive.pipeline.pipelines.endtoend: [
  ext_person_smokes
  ext_friends
  ext_person_has_cancer
  ext_person
]
