R(a int).

S(a int,
  b text,
  c float).

R(x) :-
    S(x, y, z).

